Running. Waiting for incoming packets...
[1m|   TIME   | ID  |  RX_TOTAL   | RX_ON_TIME  |  RX_EARLY   |   RX_LATE   |   RX_SEQ_ERR    | RX_ON_TIME_C  |  RX_EARLY_C   |   RX_LATE_C   |  RX_SEQ_ERR_C   | RX_ON_TIME_C_U |  RX_EARLY_C_U  |  RX_LATE_C_U   | RX_SEQ_ERR_C_U  | RX_SEQ_ERR_PRACH | RX_CORRUPT  | RX_ERR_DROP |  TX_TOTAL   |
[0m| 23:45:54 |  0  |     370     |     241     |      0      |      0      |        2        |      19       |       0       |       0       |        1        |       1        |       0        |      109       |        0        |        0        |      0      |      0      |    1540     |
| 23:45:55 |  0  |     725     |     557     |      0      |      0      |        5        |      41       |       0       |       0       |        5        |       2        |       0        |      125       |        0        |        0        |      0      |      0      |    1778     |
| 23:45:56 |  0  |     468     |     343     |      0      |      0      |        4        |      25       |       0       |       0       |        4        |       2        |       0        |       98       |        0        |        0        |      0      |      0      |    1400     |
| 23:45:57 |  0  |     403     |     313     |      0      |      0      |        5        |      22       |       0       |       0       |        5        |       0        |       0        |       68       |        0        |        0        |      0      |      0      |     952     |
| 23:45:58 |  0  |     453     |     308     |      0      |      0      |        1        |      22       |       0       |       0       |        1        |       0        |       0        |      123       |        0        |        0        |      0      |      0      |    1722     |
| 23:45:59 |  0  |     231     |     98      |      0      |      0      |        1        |       7       |       0       |       0       |        1        |       3        |       0        |      123       |        0        |        0        |      0      |      0      |    1764     |
| 23:46:00 |  0  |     672     |     543     |      0      |      0      |        4        |      40       |       0       |       0       |        3        |       1        |       0        |       88       |        0        |        0        |      0      |      0      |    1246     |
| 23:46:01 |  0  |     528     |     406     |      0      |      0      |        3        |      29       |       0       |       0       |        2        |       5        |       0        |       88       |        0        |        0        |      0      |      0      |    1302     |
| 23:46:02 |  0  |     548     |     389     |      0      |      0      |        1        |      28       |       0       |       0       |        0        |       6        |       0        |      125       |        0        |        0        |      0      |      0      |    1834     |
| 23:46:03 |  0  |     375     |     249     |      0      |      0      |        4        |      19       |       0       |       0       |        2        |       9        |       0        |       98       |        0        |        0        |      0      |      0      |    1498     |
| 23:46:04 |  0  |     534     |     392     |      0      |      0      |        1        |      28       |       0       |       0       |        1        |       4        |       0        |      110       |        0        |        0        |      0      |      0      |    1596     |
| 23:46:05 |  0  |     625     |     494     |      0      |      0      |        3        |      35       |       0       |       0       |        2        |       2        |       0        |       94       |        0        |        0        |      0      |      0      |    1344     |
| 23:46:06 |  0  |     521     |     378     |      0      |      0      |        3        |      27       |       0       |       0       |        3        |       9        |       0        |      107       |        0        |        0        |      0      |      0      |    1624     |
| 23:46:07 |  0  |     382     |     250     |      0      |      2      |        1        |      18       |       0       |       0       |        1        |       3        |       0        |      109       |        0        |        0        |      0      |      0      |    1568     |
| 23:46:08 |  0  |     507     |     364     |      0      |      0      |        1        |      26       |       0       |       0       |        1        |       5        |       0        |      112       |        0        |        0        |      0      |      0      |    1638     |
| 23:46:09 |  0  |     641     |     505     |      0      |      0      |        7        |      37       |       0       |       0       |        5        |       1        |       0        |       98       |        0        |        0        |      0      |      0      |    1372     |
| 23:46:10 |  0  |     696     |     560     |      0      |      0      |        4        |      40       |       0       |       0       |        2        |       2        |       0        |       94       |        0        |        0        |      0      |      0      |    1358     |
| 23:46:11 |  0  |     462     |     330     |      0      |      0      |        2        |      24       |       0       |       0       |        1        |       2        |       0        |      106       |        0        |        0        |      0      |      0      |    1512     |
| 23:46:12 |  0  |     531     |     392     |      0      |      0      |        0        |      28       |       0       |       0       |        0        |       5        |       0        |      106       |        0        |        0        |      0      |      0      |    1554     |
| 23:46:13 |  0  |     447     |     336     |      0      |      0      |        0        |      23       |       0       |       0       |        1        |       4        |       0        |       84       |        0        |        0        |      0      |      0      |    1232     |
[1m|   TIME   | ID  |  RX_TOTAL   | RX_ON_TIME  |  RX_EARLY   |   RX_LATE   |   RX_SEQ_ERR    | RX_ON_TIME_C  |  RX_EARLY_C   |   RX_LATE_C   |  RX_SEQ_ERR_C   | RX_ON_TIME_C_U |  RX_EARLY_C_U  |  RX_LATE_C_U   | RX_SEQ_ERR_C_U  | RX_SEQ_ERR_PRACH | RX_CORRUPT  | RX_ERR_DROP |  TX_TOTAL   |
[0m| 23:46:14 |  0  |     632     |     507     |      0      |      0      |        1        |      37       |       0       |       0       |        0        |       4        |       0        |       84       |        0        |        0        |      0      |      0      |    1232     |
| 23:46:15 |  0  |     741     |     598     |      0      |      4      |        1        |      43       |       0       |       0       |        1        |       4        |       0        |       92       |        0        |        0        |      0      |      0      |    1344     |
| 23:46:16 |  0  |     611     |     479     |      0      |      0      |        3        |      35       |       0       |       0       |        2        |       0        |       0        |       97       |        0        |        0        |      0      |      0      |    1358     |
| 23:46:17 |  0  |     359     |     238     |      0      |      0      |        1        |      17       |       0       |       0       |        1        |       1        |       0        |      103       |        0        |        0        |      0      |      0      |    1456     |
| 23:46:18 |  0  |     527     |     392     |      0      |      0      |        2        |      28       |       0       |       0       |        0        |       1        |       0        |      106       |        0        |        0        |      0      |      0      |    1498     |
| 23:46:19 |  0  |     678     |     536     |      0      |      0      |        5        |      38       |       0       |       0       |        4        |       3        |       0        |      101       |        0        |        0        |      0      |      0      |    1456     |
| 23:46:20 |  0  |     442     |     322     |      0      |      0      |        0        |      23       |       0       |       0       |        0        |       3        |       0        |       94       |        0        |        0        |      0      |      0      |    1358     |
| 23:46:21 |  0  |     484     |     350     |      0      |      0      |        2        |      25       |       0       |       0       |        2        |       6        |       0        |      103       |        0        |        0        |      0      |      0      |    1526     |
| 23:46:22 |  0  |     721     |     588     |      0      |      0      |        0        |      42       |       0       |       0       |        0        |       1        |       0        |       90       |        0        |        0        |      0      |      0      |    1274     |
| 23:46:23 |  0  |     643     |     487     |      0      |      0      |        6        |      37       |       0       |       0       |        4        |       1        |       0        |      118       |        0        |        0        |      0      |      0      |    1666     |
| 23:46:24 |  0  |     646     |     504     |      0      |      0      |        1        |      36       |       0       |       0       |        1        |       2        |       0        |      104       |        0        |        0        |      0      |      0      |    1484     |
| 23:46:25 |  0  |     549     |     415     |      0      |      0      |        6        |      31       |       0       |       0       |        2        |       8        |       0        |       95       |        0        |        0        |      0      |      0      |    1442     |
| 23:46:26 |  0  |     128     |     28      |      0      |      0      |        0        |       2       |       0       |       0       |        0        |       1        |       0        |       97       |        0        |        0        |      0      |      0      |    1372     |
| 23:46:27 |  0  |     621     |     476     |      0      |      0      |        1        |      34       |       0       |       0       |        1        |       3        |       0        |      108       |        0        |        0        |      0      |      0      |    1554     |
| 23:46:28 |  0  |     246     |     140     |      0      |      0      |        0        |      10       |       0       |       0       |        0        |       2        |       0        |       94       |        0        |        0        |      0      |      0      |    1344     |
| 23:46:29 |  0  |     880     |     727     |      0      |      1      |        3        |      53       |       0       |       0       |        2        |       1        |       0        |       98       |        0        |        0        |      0      |      0      |    1386     |
| 23:46:30 |  0  |     485     |     352     |      0      |      0      |        2        |      26       |       0       |       0       |        1        |       0        |       0        |      107       |        0        |        0        |      0      |      0      |    1498     |
| 23:46:31 |  0  |    1018     |     854     |      0      |      0      |        2        |      61       |       0       |       0       |        2        |       6        |       0        |       97       |        0        |        0        |      0      |      0      |    1442     |
| 23:46:32 |  0  |     840     |     686     |      0      |      0      |       12        |      52       |       0       |       0       |       10        |       2        |       0        |      100       |        0        |        0        |      0      |      0      |    1428     |
| 23:46:33 |  0  |     414     |     298     |      0      |      0      |        5        |      22       |       0       |       0       |        3        |       2        |       0        |       92       |        0        |        0        |      0      |      0      |    1316     |
[1m|   TIME   | ID  |  RX_TOTAL   | RX_ON_TIME  |  RX_EARLY   |   RX_LATE   |   RX_SEQ_ERR    | RX_ON_TIME_C  |  RX_EARLY_C   |   RX_LATE_C   |  RX_SEQ_ERR_C   | RX_ON_TIME_C_U |  RX_EARLY_C_U  |  RX_LATE_C_U   | RX_SEQ_ERR_C_U  | RX_SEQ_ERR_PRACH | RX_CORRUPT  | RX_ERR_DROP |  TX_TOTAL   |
[0m| 23:46:34 |  0  |     325     |     211     |      0      |      0      |        2        |      16       |       0       |       0       |        1        |       0        |       0        |       98       |        0        |        0        |      0      |      0      |    1372     |
| 23:46:35 |  0  |     355     |     238     |      0      |      0      |        1        |      17       |       0       |       0       |        1        |       3        |       0        |       97       |        0        |        0        |      0      |      0      |    1400     |
| 23:46:36 |  0  |     97      |      0      |      0      |      0      |        0        |       0       |       0       |       0       |        0        |       4        |       0        |       93       |        0        |        0        |      0      |      0      |    1358     |
| 23:46:37 |  0  |     353     |     238     |      0      |      0      |        2        |      17       |       0       |       0       |        2        |       4        |       0        |       94       |        0        |        0        |      0      |      0      |    1372     |
| 23:46:38 |  0  |     601     |     476     |      0      |      0      |        1        |      34       |       0       |       0       |        1        |       2        |       0        |       89       |        0        |        0        |      0      |      0      |    1274     |
| 23:46:39 |  0  |     565     |     434     |      0      |      0      |        2        |      31       |       0       |       0       |        2        |       0        |       0        |      100       |        0        |        0        |      0      |      0      |    1400     |
| 23:46:40 |  0  |     672     |     531     |      0      |      0      |        2        |      38       |       0       |       0       |        1        |       3        |       0        |      100       |        0        |        0        |      0      |      0      |    1442     |
| 23:46:41 |  0  |     475     |     346     |      0      |      4      |        4        |      25       |       0       |       0       |        2        |       2        |       0        |       98       |        0        |        0        |      0      |      0      |    1400     |
| 23:46:42 |  0  |     638     |     493     |      0      |      0      |        7        |      36       |       0       |       0       |        4        |       1        |       0        |      108       |        0        |        0        |      0      |      0      |    1526     |
| 23:46:43 |  0  |     779     |     633     |      0      |      0      |       11        |      45       |       0       |       0       |        8        |       4        |       0        |       97       |        0        |        0        |      0      |      0      |    1414     |
| 23:46:44 |  0  |     776     |     621     |      0      |      0      |        9        |      45       |       0       |       0       |        4        |       3        |       0        |      107       |        0        |        0        |      0      |      0      |    1540     |
| 23:46:45 |  0  |     370     |     252     |      0      |      0      |        2        |      18       |       0       |       0       |        0        |       2        |       0        |       98       |        0        |        0        |      0      |      0      |    1400     |
| 23:46:46 |  0  |     426     |     294     |      0      |      0      |        0        |      21       |       0       |       0       |        0        |       2        |       0        |      109       |        0        |        0        |      0      |      0      |    1540     |
| 23:46:47 |  0  |     320     |     192     |      0      |      0      |        3        |      14       |       0       |       0       |        1        |       3        |       0        |      111       |        0        |        0        |      0      |      0      |    1610     |
| 23:46:48 |  0  |     589     |     463     |      0      |      0      |        4        |      33       |       0       |       0       |        1        |       9        |       0        |       84       |        0        |        0        |      0      |      0      |    1302     |
| 23:46:49 |  0  |     644     |     504     |      0      |      0      |        5        |      36       |       0       |       0       |        5        |       8        |       0        |       96       |        0        |        0        |      0      |      0      |    1442     |
| 23:46:50 |  0  |     370     |     249     |      0      |      0      |        3        |      18       |       0       |       0       |        2        |       4        |       0        |       99       |        0        |        0        |      0      |      0      |    1456     |
| 23:46:51 |  0  |     509     |     378     |      0      |      0      |        5        |      26       |       0       |       0       |        5        |       1        |       0        |      104       |        0        |        0        |      0      |      0      |    1470     |
| 23:46:52 |  0  |     480     |     346     |      0      |      0      |        2        |      25       |       0       |       0       |        1        |       4        |       0        |      105       |        0        |        0        |      0      |      0      |    1526     |
| 23:46:53 |  0  |     529     |     392     |      0      |      0      |        3        |      28       |       0       |       0       |        1        |       3        |       0        |      106       |        0        |        0        |      0      |      0      |    1526     |
[1m|   TIME   | ID  |  RX_TOTAL   | RX_ON_TIME  |  RX_EARLY   |   RX_LATE   |   RX_SEQ_ERR    | RX_ON_TIME_C  |  RX_EARLY_C   |   RX_LATE_C   |  RX_SEQ_ERR_C   | RX_ON_TIME_C_U |  RX_EARLY_C_U  |  RX_LATE_C_U   | RX_SEQ_ERR_C_U  | RX_SEQ_ERR_PRACH | RX_CORRUPT  | RX_ERR_DROP |  TX_TOTAL   |
[0m| 23:46:54 |  0  |     618     |     476     |      0      |      0      |        5        |      34       |       0       |       0       |        3        |       1        |       0        |      107       |        0        |        0        |      0      |      0      |    1512     |
| 23:46:55 |  0  |     672     |     524     |      0      |      0      |        3        |      37       |       0       |       0       |        3        |       2        |       0        |      109       |        0        |        0        |      0      |      0      |    1554     |
| 23:46:56 |  0  |     368     |     252     |      0      |      0      |        2        |      18       |       0       |       0       |        2        |       4        |       0        |       94       |        0        |        0        |      0      |      0      |    1372     |
| 23:46:57 |  0  |     498     |     364     |      0      |      0      |        2        |      26       |       0       |       0       |        2        |       2        |       0        |      106       |        0        |        0        |      0      |      0      |    1512     |
| 23:46:58 |  0  |     767     |     617     |      0      |      0      |        3        |      45       |       0       |       0       |        2        |       2        |       0        |      103       |        0        |        0        |      0      |      0      |    1470     |
| 23:46:59 |  0  |     733     |     588     |      0      |      0      |        3        |      43       |       0       |       0       |        2        |       3        |       0        |       99       |        0        |        0        |      0      |      0      |    1428     |
| 23:47:00 |  0  |     849     |     704     |      0      |      0      |        7        |      50       |       0       |       0       |        6        |       1        |       0        |       94       |        0        |        0        |      0      |      0      |    1330     |
| 23:47:01 |  0  |     304     |     182     |      0      |      0      |        2        |      13       |       0       |       0       |        2        |       1        |       0        |      108       |        0        |        0        |      0      |      0      |    1526     |
| 23:47:02 |  0  |     283     |     182     |      0      |      0      |        2        |      13       |       0       |       0       |        2        |       4        |       0        |       84       |        0        |        0        |      0      |      0      |    1232     |
| 23:47:03 |  0  |     672     |     532     |      0      |      0      |        1        |      38       |       0       |       0       |        1        |       2        |       0        |      100       |        0        |        0        |      0      |      0      |    1428     |
| 23:47:04 |  0  |     513     |     364     |      0      |      0      |        2        |      26       |       0       |       0       |        2        |       1        |       0        |      122       |        0        |        0        |      0      |      0      |    1722     |
| 23:47:05 |  0  |     605     |     454     |      0      |      0      |        4        |      33       |       0       |       0       |        1        |       6        |       0        |      112       |        0        |        0        |      0      |      0      |    1652     |
| 23:47:06 |  0  |     239     |     126     |      0      |      0      |        2        |      10       |       0       |       0       |        1        |       2        |       0        |      101       |        0        |        0        |      0      |      0      |    1442     |
| 23:47:07 |  0  |     376     |     257     |      0      |      0      |        0        |      19       |       0       |       0       |        0        |       1        |       0        |       99       |        0        |        0        |      0      |      0      |    1400     |
| 23:47:08 |  0  |     541     |     419     |      0      |      1      |        3        |      30       |       0       |       0       |        2        |       2        |       0        |       89       |        0        |        0        |      0      |      0      |    1274     |
| 23:47:09 |  0  |     185     |     84      |      0      |      0      |        0        |       6       |       0       |       0       |        0        |       1        |       0        |       94       |        0        |        0        |      0      |      0      |    1330     |
| 23:47:10 |  0  |     552     |     420     |      0      |      0      |        2        |      30       |       0       |       0       |        2        |       3        |       0        |       99       |        0        |        0        |      0      |      0      |    1428     |
| 23:47:11 |  0  |     945     |     784     |      0      |      0      |        2        |      56       |       0       |       0       |        2        |       3        |       0        |      102       |        0        |        0        |      0      |      0      |    1470     |
| 23:47:12 |  0  |     184     |     84      |      0      |      0      |        0        |       6       |       0       |       0       |        0        |       2        |       0        |       92       |        0        |        0        |      0      |      0      |    1316     |
| 23:47:13 |  0  |     567     |     443     |      0      |      0      |        3        |      33       |       0       |       0       |        1        |       0        |       0        |       91       |        0        |        0        |      0      |      0      |    1274     |
[1m|   TIME   | ID  |  RX_TOTAL   | RX_ON_TIME  |  RX_EARLY   |   RX_LATE   |   RX_SEQ_ERR    | RX_ON_TIME_C  |  RX_EARLY_C   |   RX_LATE_C   |  RX_SEQ_ERR_C   | RX_ON_TIME_C_U |  RX_EARLY_C_U  |  RX_LATE_C_U   | RX_SEQ_ERR_C_U  | RX_SEQ_ERR_PRACH | RX_CORRUPT  | RX_ERR_DROP |  TX_TOTAL   |
[0m| 23:47:14 |  0  |     917     |     750     |      0      |      0      |       11        |      56       |       0       |       0       |        9        |       1        |       0        |      110       |        0        |        0        |      0      |      0      |    1554     |
| 23:47:15 |  0  |     428     |     294     |      0      |      0      |        1        |      21       |       0       |       0       |        1        |       0        |       0        |      113       |        0        |        0        |      0      |      0      |    1582     |
| 23:47:16 |  0  |     235     |     140     |      0      |      0      |        0        |      10       |       0       |       0       |        0        |       5        |       0        |       80       |        0        |        0        |      0      |      0      |    1190     |
| 23:47:17 |  0  |     685     |     558     |      0      |      0      |        4        |      41       |       0       |       0       |        2        |       0        |       0        |       86       |        0        |        0        |      0      |      0      |    1204     |
| 23:47:18 |  0  |     728     |     577     |      0      |      1      |        5        |      42       |       0       |       0       |        2        |       4        |       0        |      104       |        0        |        0        |      0      |      0      |    1512     |
| 23:47:19 |  0  |     408     |     293     |      0      |      1      |        5        |      21       |       0       |       0       |        3        |       4        |       0        |       89       |        0        |        0        |      0      |      0      |    1302     |
| 23:47:20 |  0  |     476     |     346     |      0      |      0      |        1        |      25       |       0       |       0       |        0        |       3        |       0        |      102       |        0        |        0        |      0      |      0      |    1470     |
| 23:47:21 |  0  |     492     |     364     |      0      |      0      |        2        |      27       |       0       |       0       |        1        |       2        |       0        |       99       |        0        |        0        |      0      |      0      |    1414     |
| 23:47:22 |  0  |     631     |     477     |      0      |      0      |        6        |      34       |       0       |       0       |        5        |       1        |       0        |      119       |        0        |        0        |      0      |      0      |    1680     |
| 23:47:23 |  0  |     636     |     489     |      0      |      0      |        7        |      35       |       0       |       0       |        6        |       4        |       0        |      108       |        0        |        0        |      0      |      0      |    1568     |
| 23:47:24 |  0  |     423     |     307     |      0      |      0      |        8        |      22       |       0       |       0       |        5        |       1        |       0        |       93       |        0        |        0        |      0      |      0      |    1316     |
| 23:47:25 |  0  |     520     |     392     |      0      |      0      |        1        |      28       |       0       |       0       |        1        |       5        |       0        |       95       |        0        |        0        |      0      |      0      |    1400     |
| 23:47:26 |  0  |     450     |     337     |      0      |      0      |        2        |      25       |       0       |       0       |        2        |       3        |       0        |       85       |        0        |        0        |      0      |      0      |    1232     |
| 23:47:27 |  0  |     604     |     476     |      0      |      0      |        3        |      34       |       0       |       0       |        3        |       2        |       0        |       92       |        0        |        0        |      0      |      0      |    1316     |
| 23:47:28 |  0  |     295     |     182     |      0      |      0      |        2        |      13       |       0       |       0       |        2        |       4        |       0        |       96       |        0        |        0        |      0      |      0      |    1400     |
| 23:47:29 |  0  |     423     |     308     |      0      |      0      |        2        |      22       |       0       |       0       |        0        |       1        |       0        |       92       |        0        |        0        |      0      |      0      |    1302     |
| 23:47:30 |  0  |     541     |     420     |      0      |      0      |        1        |      30       |       0       |       0       |        1        |       1        |       0        |       90       |        0        |        0        |      0      |      0      |    1274     |
| 23:47:31 |  0  |     708     |     574     |      0      |      0      |        3        |      42       |       0       |       0       |        2        |       6        |       0        |       86       |        0        |        0        |      0      |      0      |    1288     |
| 23:47:32 |  0  |     423     |     308     |      0      |      0      |        3        |      22       |       0       |       0       |        1        |       3        |       0        |       90       |        0        |        0        |      0      |      0      |    1302     |
| 23:47:33 |  0  |     675     |     538     |      0      |      0      |        6        |      40       |       0       |       0       |        4        |       3        |       0        |       94       |        0        |        0        |      0      |      0      |    1358     |
[1m|   TIME   | ID  |  RX_TOTAL   | RX_ON_TIME  |  RX_EARLY   |   RX_LATE   |   RX_SEQ_ERR    | RX_ON_TIME_C  |  RX_EARLY_C   |   RX_LATE_C   |  RX_SEQ_ERR_C   | RX_ON_TIME_C_U |  RX_EARLY_C_U  |  RX_LATE_C_U   | RX_SEQ_ERR_C_U  | RX_SEQ_ERR_PRACH | RX_CORRUPT  | RX_ERR_DROP |  TX_TOTAL   |
[0m| 23:47:34 |  0  |     508     |     383     |      0      |      0      |        9        |      29       |       0       |       0       |        4        |       2        |       0        |       94       |        0        |        0        |      0      |      0      |    1344     |
| 23:47:35 |  0  |     235     |     112     |      0      |      0      |        1        |       9       |       0       |       0       |        0        |       0        |       0        |      114       |        0        |        0        |      0      |      0      |    1596     |
| 23:47:36 |  0  |     175     |     56      |      0      |      0      |        0        |       4       |       0       |       0       |        0        |       2        |       0        |      113       |        0        |        0        |      0      |      0      |    1610     |
| 23:47:37 |  0  |     247     |     140     |      0      |      0      |        0        |      10       |       0       |       0       |        0        |       1        |       0        |       96       |        0        |        0        |      0      |      0      |    1358     |
| 23:47:38 |  0  |     868     |     722     |      0      |      0      |        5        |      52       |       0       |       0       |        0        |       1        |       0        |       93       |        0        |        0        |      0      |      0      |    1316     |
| 23:47:39 |  0  |     221     |     112     |      0      |      0      |        0        |       8       |       0       |       0       |        0        |       2        |       0        |       99       |        0        |        0        |      0      |      0      |    1414     |
| 23:47:40 |  0  |     289     |     179     |      0      |      1      |        5        |      14       |       0       |       0       |        3        |       1        |       0        |       94       |        0        |        0        |      0      |      0      |    1330     |
| 23:47:41 |  0  |     632     |     490     |      0      |      0      |        3        |      35       |       0       |     