Running. Waiting for incoming packets...
[1m|   TIME   | ID  |  RX_TOTAL   | RX_ON_TIME  |  RX_EARLY   |   RX_LATE   |   RX_SEQ_ERR    | RX_ON_TIME_C  |  RX_EARLY_C   |   RX_LATE_C   |  RX_SEQ_ERR_C   | RX_ON_TIME_C_U |  RX_EARLY_C_U  |  RX_LATE_C_U   | RX_SEQ_ERR_C_U  | RX_SEQ_ERR_PRACH | RX_CORRUPT  | RX_ERR_DROP |  TX_TOTAL   |
[0m| 20:48:44 |  0  |     927     |     747     |      0      |      9      |        3        |      52       |       0       |       2       |        3        |       1        |       0        |      116       |        0        |        0        |      0      |      0      |    1638     |
| 20:48:45 |  0  |     920     |     729     |      0      |      8      |        8        |      51       |       0       |       4       |        4        |       1        |       0        |      127       |        0        |        0        |      0      |      0      |    1792     |
| 20:48:46 |  0  |     774     |     609     |      0      |      7      |        7        |      44       |       0       |       0       |        3        |       4        |       0        |      110       |        0        |        0        |      0      |      0      |    1596     |
| 20:48:47 |  0  |     322     |     184     |      0      |     10      |        3        |      14       |       0       |       1       |        1        |       2        |       0        |      111       |        0        |        0        |      0      |      0      |    1582     |
| 20:48:48 |  0  |     686     |     465     |      0      |     25      |        4        |      30       |       0       |       5       |        4        |       3        |       0        |      158       |        0        |        0        |      0      |      0      |    2254     |
| 20:48:49 |  0  |     912     |     736     |      0      |      5      |        3        |      52       |       0       |       1       |        2        |       0        |       0        |      118       |        0        |        0        |      0      |      0      |    1652     |
| 20:48:50 |  0  |     409     |     294     |      0      |      0      |        0        |      21       |       0       |       0       |        0        |       3        |       0        |       91       |        0        |        0        |      0      |      0      |    1316     |
| 20:48:51 |  0  |     920     |     768     |      0      |     16      |        3        |      56       |       0       |       0       |        3        |       2        |       0        |       78       |        0        |        0        |      0      |      0      |    1120     |
| 20:48:52 |  0  |     582     |     401     |      0      |     19      |        2        |      25       |       0       |       4       |        3        |       0        |       0        |      133       |        0        |        0        |      0      |      0      |    1862     |
| 20:48:53 |  0  |     747     |     602     |      0      |      5      |        9        |      45       |       0       |       0       |        4        |       1        |       0        |       94       |        0        |        0        |      0      |      0      |    1330     |
| 20:48:54 |  0  |     812     |     652     |      0      |      6      |        4        |      46       |       0       |       1       |        2        |       1        |       0        |      106       |        0        |        0        |      0      |      0      |    1498     |
| 20:48:55 |  0  |     806     |     661     |      0      |     10      |        5        |      46       |       0       |       2       |        4        |       3        |       0        |       84       |        0        |        0        |      0      |      0      |    1218     |
| 20:48:56 |  0  |     687     |     560     |      0      |      0      |        7        |      41       |       0       |       0       |        5        |       0        |       0        |       86       |        0        |        0        |      0      |      0      |    1204     |
| 20:48:57 |  0  |     629     |     478     |      0      |     12      |        6        |      34       |       0       |       1       |        2        |       1        |       0        |      103       |        0        |        0        |      0      |      0      |    1456     |
| 20:48:58 |  0  |     864     |     724     |      0      |      4      |        2        |      51       |       0       |       1       |        2        |       3        |       0        |       81       |        0        |        0        |      0      |      0      |    1176     |
| 20:48:59 |  0  |     875     |     712     |      0      |      2      |        3        |      51       |       0       |       1       |        2        |       3        |       0        |      106       |        0        |        0        |      0      |      0      |    1526     |
| 20:49:00 |  0  |     817     |     684     |      0      |      0      |        4        |      49       |       0       |       1       |        2        |       4        |       0        |       79       |        0        |        0        |      0      |      0      |    1162     |
| 20:49:01 |  0  |     725     |     566     |      0      |      8      |        0        |      40       |       0       |       1       |        0        |       5        |       0        |      105       |        0        |        0        |      0      |      0      |    1540     |
| 20:49:02 |  0  |     933     |     751     |      0      |      1      |        4        |      51       |       0       |       2       |        3        |       5        |       0        |      123       |        0        |        0        |      0      |      0      |    1792     |
| 20:49:03 |  0  |     950     |     793     |      0      |      5      |        4        |      59       |       0       |       0       |        2        |       2        |       0        |       91       |        0        |        0        |      0      |      0      |    1302     |
[1m|   TIME   | ID  |  RX_TOTAL   | RX_ON_TIME  |  RX_EARLY   |   RX_LATE   |   RX_SEQ_ERR    | RX_ON_TIME_C  |  RX_EARLY_C   |   RX_LATE_C   |  RX_SEQ_ERR_C   | RX_ON_TIME_C_U |  RX_EARLY_C_U  |  RX_LATE_C_U   | RX_SEQ_ERR_C_U  | RX_SEQ_ERR_PRACH | RX_CORRUPT  | RX_ERR_DROP |  TX_TOTAL   |
[0m| 20:49:04 |  0  |     600     |     476     |      0      |      0      |        5        |      33       |       0       |       1       |        3        |       1        |       0        |       89       |        0        |        0        |      0      |      0      |    1260     |
| 20:49:05 |  0  |     524     |     391     |      0      |      0      |        2        |      28       |       0       |       0       |        1        |       2        |       0        |      103       |        0        |        0        |      0      |      0      |    1470     |
| 20:49:06 |  0  |     658     |     530     |      0      |      2      |        0        |      38       |       0       |       0       |        0        |       4        |       0        |       84       |        0        |        0        |      0      |      0      |    1232     |
| 20:49:07 |  0  |     752     |     613     |      0      |      3      |        1        |      44       |       0       |       1       |        1        |       2        |       0        |       89       |        0        |        0        |      0      |      0      |    1274     |
| 20:49:08 |  0  |     507     |     374     |      0      |      4      |        3        |      27       |       0       |       0       |        3        |       4        |       0        |       98       |        0        |        0        |      0      |      0      |    1428     |
| 20:49:09 |  0  |     532     |     393     |      0      |      4      |        4        |      28       |       0       |       1       |        4        |       4        |       0        |      102       |        0        |        0        |      0      |      0      |    1484     |
| 20:49:10 |  0  |     706     |     546     |      0      |      7      |        6        |      40       |       0       |       1       |        3        |       1        |       0        |      111       |        0        |        0        |      0      |      0      |    1568     |
| 20:49:11 |  0  |     455     |     347     |      0      |      0      |        2        |      25       |       0       |       0       |        1        |       4        |       0        |       79       |        0        |        0        |      0      |      0      |    1148     |
| 20:49:12 |  0  |     626     |     470     |      0      |      6      |        3        |      33       |       0       |       1       |        1        |       10       |       0        |      106       |        0        |        0        |      0      |      0      |    1638     |
| 20:49:13 |  0  |     308     |     196     |      0      |      0      |        0        |      14       |       0       |       0       |        0        |       1        |       0        |       97       |        0        |        0        |      0      |      0      |    1372     |
| 20:49:14 |  0  |     669     |     503     |      0      |      1      |        2        |      36       |       0       |       0       |        2        |       2        |       0        |      127       |        0        |        0        |      0      |      0      |    1806     |
| 20:49:15 |  0  |     702     |     549     |      0      |      2      |        6        |      40       |       0       |       0       |        2        |       1        |       0        |      110       |        0        |        0        |      0      |      0      |    1554     |
| 20:49:16 |  0  |     583     |     433     |      0      |      1      |        1        |      31       |       0       |       0       |        1        |       4        |       0        |      114       |        0        |        0        |      0      |      0      |    1652     |
| 20:49:17 |  0  |     556     |     428     |      0      |      1      |        3        |      31       |       0       |       0       |        2        |       2        |       0        |       94       |        0        |        0        |      0      |      0      |    1344     |
| 20:49:18 |  0  |     766     |     605     |      0      |      0      |        8        |      43       |       0       |       1       |        5        |       5        |       0        |      112       |        0        |        0        |      0      |      0      |    1638     |
| 20:49:19 |  0  |     374     |     265     |      0      |      1      |        0        |      19       |       0       |       0       |        0        |       1        |       0        |       88       |        0        |        0        |      0      |      0      |    1246     |
| 20:49:20 |  0  |     956     |     809     |      0      |      1      |        6        |      56       |       0       |       1       |        3        |       3        |       0        |       86       |        0        |        0        |      0      |      0      |    1246     |
| 20:49:21 |  0  |     715     |     563     |      0      |      1      |        4        |      40       |       0       |       0       |        3        |       6        |       0        |      105       |        0        |        0        |      0      |      0      |    1554     |
| 20:49:22 |  0  |     756     |     630     |      0      |      0      |        4        |      45       |       0       |       0       |        4        |       1        |       0        |       80       |        0        |        0        |      0      |      0      |    1134     |
| 20:49:23 |  0  |     833     |     699     |      0      |      0      |        3        |      51       |       0       |       0       |        3        |       1        |       0        |       82       |        0        |        0        |      0      |      0      |    1162     |
[1m|   TIME   | ID  |  RX_TOTAL   | RX_ON_TIME  |  RX_EARLY   |   RX_LATE   |   RX_SEQ_ERR    | RX_ON_TIME_C  |  RX_EARLY_C   |   RX_LATE_C   |  RX_SEQ_ERR_C   | RX_ON_TIME_C_U |  RX_EARLY_C_U  |  RX_LATE_C_U   | RX_SEQ_ERR_C_U  | RX_SEQ_ERR_PRACH | RX_CORRUPT  | RX_ERR_DROP |  TX_TOTAL   |
[0m| 20:49:24 |  0  |     741     |     612     |      0      |      2      |        7        |      45       |       0       |       0       |        4        |       3        |       0        |       79       |        0        |        0        |      0      |      0      |    1148     |
| 20:49:25 |  0  |     501     |     372     |      0      |      6      |        1        |      24       |       0       |       3       |        1        |       2        |       0        |       94       |        0        |        0        |      0      |      0      |    1344     |
| 20:49:26 |  0  |     766     |     640     |      0      |      4      |        5        |      45       |       0       |       1       |        5        |       1        |       0        |       75       |        0        |        0        |      0      |      0      |    1064     |
| 20:49:27 |  0  |     630     |     507     |      0      |      1      |        2        |      37       |       0       |       0       |        1        |       3        |       0        |       82       |        0        |        0        |      0      |      0      |    1190     |
| 20:49:28 |  0  |    1107     |     949     |      0      |      3      |        1        |      68       |       0       |       0       |        1        |       0        |       0        |       87       |        0        |        0        |      0      |      0      |    1218     |
| 20:49:29 |  0  |     609     |     475     |      0      |      1      |        1        |      34       |       0       |       0       |        1        |       3        |       0        |       96       |        0        |        0        |      0      |      0      |    1386     |
| 20:49:30 |  0  |     985     |     818     |      0      |      4      |        2        |      59       |       0       |       0       |        1        |       3        |       0        |      101       |        0        |        0        |      0      |      0      |    1456     |
| 20:49:31 |  0  |     541     |     428     |      0      |      1      |        2        |      31       |       0       |       0       |        2        |       1        |       0        |       80       |        0        |        0        |      0      |      0      |    1134     |
| 20:49:32 |  0  |     478     |     331     |      0      |      2      |        8        |      24       |       0       |       0       |        5        |       4        |       0        |      117       |        0        |        0        |      0      |      0      |    1694     |
| 20:49:33 |  0  |     912     |     751     |      0      |      5      |        3        |      53       |       0       |       1       |        3        |       5        |       0        |       97       |        0        |        0        |      0      |      0      |    1428     |
| 20:49:34 |  0  |     692     |     568     |      0      |      6      |        3        |      41       |       0       |       0       |        1        |       1        |       0        |       76       |        0        |        0        |      0      |      0      |    1078     |
| 20:49:35 |  0  |     692     |     555     |      0      |      1      |        2        |      40       |       0       |       0       |        1        |       2        |       0        |       94       |        0        |        0        |      0      |      0      |    1344     |
| 20:49:36 |  0  |     726     |     588     |      0      |      1      |        7        |      43       |       0       |       0       |        6        |       3        |       0        |       91       |        0        |        0        |      0      |      0      |    1316     |
| 20:49:37 |  0  |     503     |     382     |      0      |      3      |        2        |      28       |       0       |       0       |        1        |       2        |       0        |       88       |        0        |        0        |      0      |      0      |    1260     |
| 20:49:38 |  0  |     582     |     436     |      0      |      1      |        7        |      34       |       0       |       0       |        5        |       4        |       0        |      107       |        0        |        0        |      0      |      0      |    1554     |
| 20:49:39 |  0  |     435     |     324     |      0      |     12      |        6        |      23       |       0       |       1       |        3        |       1        |       0        |       74       |        0        |        0        |      0      |      0      |    1050     |
| 20:49:40 |  0  |    1114     |     929     |      0      |      2      |       10        |      66       |       0       |       1       |        7        |       2        |       0        |      114       |        0        |        0        |      0      |      0      |    1624     |
| 20:49:41 |  0  |     828     |     657     |      0      |      0      |        2        |      48       |       0       |       0       |        0        |       2        |       0        |      121       |        0        |        0        |      0      |      0      |    1722     |
| 20:49:42 |  0  |     549     |     424     |      0      |      3      |        3        |      30       |       0       |       1       |        2        |       1        |       0        |       90       |        0        |        0        |      0      |      0      |    1274     |
| 20:49:43 |  0  |     797     |     658     |      0      |      0      |        4        |      47       |       0       |       0       |        3        |       2        |       0        |       90       |        0        |        0        |      0      |      0      |    1288     |
[1m|   TIME   | ID  |  RX_TOTAL   | RX_ON_TIME  |  RX_EARLY   |   RX_LATE   |   RX_SEQ_ERR    | RX_ON_TIME_C  |  RX_EARLY_C   |   RX_LATE_C   |  RX_SEQ_ERR_C   | RX_ON_TIME_C_U |  RX_EARLY_C_U  |  RX_LATE_C_U   | RX_SEQ_ERR_C_U  | RX_SEQ_ERR_PRACH | RX_CORRUPT  | RX_ERR_DROP |  TX_TOTAL   |
[0m| 20:49:44 |  0  |     768     |     600     |      0      |      4      |        4        |      44       |       0       |       1       |        2        |       2        |       0        |      117       |        0        |        0        |      0      |      0      |    1666     |
| 20:49:45 |  0  |     686     |     546     |      0      |      0      |        3        |      41       |       0       |       0       |        1        |       1        |       0        |       98       |        0        |        0        |      0      |      0      |    1386     |
| 20:49:46 |  0  |     667     |     510     |      0      |      4      |        7        |      37       |       0       |       2       |        4        |       2        |       0        |      112       |        0        |        0        |      0      |      0      |    1596     |
| 20:49:47 |  0  |     428     |     319     |      0      |      0      |        3        |      24       |       0       |       0       |        1        |       3        |       0        |       82       |        0        |        0        |      0      |      0      |    1190     |
| 20:49:48 |  0  |     643     |     511     |      0      |      0      |        6        |      38       |       0       |       0       |        4        |       0        |       0        |       94       |        0        |        0        |      0      |      0      |    1316     |
| 20:49:49 |  0  |     968     |     804     |      0      |      0      |        5        |      59       |       0       |       0       |        3        |       0        |       0        |      105       |        0        |        0        |      0      |      0      |    1470     |
| 20:49:50 |  0  |     701     |     516     |      0      |      5      |        3        |      36       |       0       |       2       |        2        |       3        |       0        |      139       |        0        |        0        |      0      |      0      |    1988     |
| 20:49:51 |  0  |     655     |     515     |      0      |      3      |        2        |      37       |       0       |       0       |        2        |       2        |       0        |       98       |        0        |        0        |      0      |      0      |    1400     |
| 20:49:52 |  0  |     915     |     741     |      0      |     15      |        4        |      53       |       0       |       3       |        2        |       0        |       0        |      103       |        0        |        0        |      0      |      0      |    1442     |
| 20:49:53 |  0  |     806     |     650     |      0      |      0      |        3        |      46       |       0       |       1       |        2        |       3        |       0        |      106       |        0        |        0        |      0      |      0      |    1526     |
| 20:49:54 |  0  |     552     |     395     |      0      |      1      |        4        |      29       |       0       |       0       |        2        |       3        |       0        |      124       |        0        |        0        |      0      |      0      |    1778     |
| 20:49:55 |  0  |     543     |     426     |      0      |      1      |        6        |      31       |       0       |       0       |        1        |       0        |       0        |       85       |        0        |        0        |      0      |      0      |    1190     |
| 20:49:56 |  0  |     679     |     547     |      0      |      0      |        9        |      39       |       0       |       1       |        7        |       0        |       0        |       92       |        0        |        0        |      0      |      0      |    1288     |
| 20:49:57 |  0  |     900     |     742     |      0      |      8      |        4        |      54       |       0       |       2       |        3        |       1        |       0        |       93       |        0        |        0        |      0      |      0      |    1316     |
| 20:49:58 |  0  |     406     |     287     |      0      |      3      |        5        |      20       |       0       |       0       |        5        |       3        |       0        |       93       |        0        |        0        |      0      |      0      |    1344     |
| 20:49:59 |  0  |     681     |     520     |      0      |      0      |        7        |      38       |       0       |       0       |        6        |       3        |       0        |      120       |        0        |        0        |      0      |      0      |    1722     |
| 20:50:00 |  0  |     672     |     518     |      0      |      0      |        2        |      38       |       0       |       0       |        1        |       2        |       0        |      114       |        0        |        0        |      0      |      0      |    1624     |
| 20:50:01 |  0  |     847     |     660     |      0      |      0      |        5        |      49       |       0       |       0       |        3        |       1        |       0        |      137       |        0        |        0        |      0      |      0      |    1932     |
| 20:50:02 |  0  |     565     |     433     |      0      |      1      |        3        |      31       |       0       |       0       |        3        |       1        |       0        |       99       |        0        |        0        |      0      |      0      |    1400     |
| 20:50:03 |  0  |     541     |     429     |      0      |      0      |        2        |      30       |       0       |       1       |        1        |       2        |       0        |       79       |        0        |        0        |      0      |      0      |    1134     |
[1m|   TIME   | ID  |  RX_TOTAL   | RX_ON_TIME  |  RX_EARLY   |   RX_LATE   |   RX_SEQ_ERR    | RX_ON_TIME_C  |  RX_EARLY_C   |   RX_LATE_C   |  RX_SEQ_ERR_C   | RX_ON_TIME_C_U |  RX_EARLY_C_U  |  RX_LATE_C_U   | RX_SEQ_ERR_C_U  | RX_SEQ_ERR_PRACH | RX_CORRUPT  | RX_ERR_DROP |  TX_TOTAL   |
[0m| 20:50:04 |  0  |     808     |     678     |      0      |      1      |        7        |      48       |       0       |       1       |        6        |       0        |       0        |       80       |        0        |        0        |      0      |      0      |    1120     |
| 20:50:05 |  0  |     591     |     446     |      0      |      3      |        2        |      32       |       0       |       0       |        2        |       3        |       0        |      107       |        0        |        0        |      0      |      0      |    1540     |
| 20:50:06 |  0  |     965     |     796     |      0      |     14      |        7        |      59       |       0       |       1       |        5        |       1        |       0        |       94       |        0        |        0        |      0      |      0      |    1330     |
| 20:50:07 |  0  |     638     |     515     |      0      |      3      |        9        |      37       |       0       |       0       |        6        |       0        |       0        |       83       |        0        |        0        |      0      |      0      |    1162     |
| 20:50:08 |  0  |     435     |     297     |      0      |      3      |        4        |      21       |       0       |       1       |        3        |       3        |       0        |      110       |        0        |        0        |      0      |      0      |    1582     |
| 20:50:09 |  0  |     921     |     784     |      0      |      0      |        4        |      54       |       0       |       1       |        5        |       4        |       0        |       78       |        0        |        0        |      0      |      0      |    1148     |
| 20:50:10 |  0  |     690     |     534     |      0      |      2      |        4        |      39       |       0       |       1       |        2        |       2        |       0        |      112       |        0        |        0        |      0      |      0      |    1596     |
| 20:50:11 |  0  |     564     |     413     |      0      |      7      |        3        |      29       |       0       |       1       |        3        |       2        |       0        |      112       |        0        |        0        |      0      |      0      |    1596     |
| 20:50:12 |  0  |     682     |     520     |      0      |     12      |        6        |      39       |       0       |       1       |        3        |       5        |       0        |      105       |        0        |        0        |      0      |      0      |    1540     |
| 20:50:13 |  0  |     563     |     411     |      0      |     13      |        5        |      28       |       0       |       3       |        4        |       2        |       0        |      106       |        0        |        0        |      0      |      0      |    1512     |
| 20:50:14 |  0  |     679     |     535     |      0      |      1      |        3        |      37       |       0       |       2       |        2        |       1        |       0        |      103       |        0        |        0        |      0      |      0      |    1456     |
| 20:50:15 |  0  |     863     |     696     |      0      |      4      |        3        |      50       |       0       |       0       |        3        |       2        |       0        |      111       |        0        |        0        |      0      |      0      |    1582     |
| 20:50:16 |  0  |     525     |     378     |      0      |      0      |        4        |      27       |       0       |       1       |        3        |       5        |       0        |      114       |        0        |        0        |      0      |      0      |    1652     |
| 20:50:17 |  0  |     986     |     812     |      0      |      3      |       11        |      59       |       0       |       2       |        8        |       1        |       0        |      109       |        0        |        0        |      0      |      0      |    1554     |
| 20:50:18 |  0  |     720     |     573     |      0      |      1      |