Running. Waiting for incoming packets...
[1m|   TIME   | ID  |  RX_TOTAL   | RX_ON_TIME  |  RX_EARLY   |   RX_LATE   |   RX_SEQ_ERR    | RX_ON_TIME_C  |  RX_EARLY_C   |   RX_LATE_C   |  RX_SEQ_ERR_C   | RX_ON_TIME_C_U |  RX_EARLY_C_U  |  RX_LATE_C_U   | RX_SEQ_ERR_C_U  | RX_SEQ_ERR_PRACH | RX_CORRUPT  | RX_ERR_DROP |  TX_TOTAL   |
[0m| 14:48:02 |  0  |     446     |     281     |      0      |      0      |        2        |      20       |       0       |       0       |        1        |       6        |       0        |      139       |        0        |        0        |      0      |      0      |    2030     |
| 14:48:03 |  0  |     322     |     197     |      0      |      0      |        3        |      14       |       0       |       0       |        3        |       2        |       0        |      109       |        0        |        0        |      0      |      0      |    1554     |
| 14:48:04 |  0  |     532     |     403     |      0      |      0      |        1        |      29       |       0       |       0       |        0        |       2        |       0        |       98       |        0        |        0        |      0      |      0      |    1400     |
| 14:48:05 |  0  |     346     |     224     |      0      |      0      |        1        |      17       |       0       |       0       |        0        |       1        |       0        |      104       |        0        |        0        |      0      |      0      |    1470     |
| 14:48:06 |  0  |     841     |     680     |      0      |      0      |        9        |      50       |       0       |       0       |        5        |       1        |       0        |      110       |        0        |        0        |      0      |      0      |    1554     |
| 14:48:07 |  0  |     258     |     154     |      0      |      0      |        0        |      11       |       0       |       0       |        0        |       1        |       0        |       92       |        0        |        0        |      0      |      0      |    1302     |
| 14:48:08 |  0  |     465     |     336     |      0      |      0      |        0        |      24       |       0       |       0       |        0        |       1        |       0        |      104       |        0        |        0        |      0      |      0      |    1470     |
| 14:48:09 |  0  |     382     |     259     |      0      |      0      |        2        |      19       |       0       |       0       |        1        |       2        |       0        |      102       |        0        |        0        |      0      |      0      |    1456     |
| 14:48:10 |  0  |     364     |     247     |      0      |      1      |        1        |      18       |       0       |       0       |        0        |       2        |       0        |       96       |        0        |        0        |      0      |      0      |    1372     |
| 14:48:11 |  0  |     347     |     224     |      0      |      0      |        2        |      17       |       0       |       0       |        1        |       0        |       0        |      106       |        0        |        0        |      0      |      0      |    1484     |
| 14:48:12 |  0  |     420     |     303     |      0      |      0      |        1        |      22       |       0       |       0       |        0        |       2        |       0        |       93       |        0        |        0        |      0      |      0      |    1330     |
| 14:48:13 |  0  |     760     |     616     |      0      |      0      |        4        |      45       |       0       |       0       |        1        |       6        |       0        |       93       |        0        |        0        |      0      |      0      |    1386     |
| 14:48:14 |  0  |     688     |     547     |      0      |      0      |        7        |      40       |       0       |       0       |        2        |       7        |       0        |       94       |        0        |        0        |      0      |      0      |    1414     |
| 14:48:15 |  0  |     454     |     336     |      0      |      0      |        2        |      24       |       0       |       0       |        0        |       6        |       0        |       88       |        0        |        0        |      0      |      0      |    1316     |
| 14:48:16 |  0  |     407     |     280     |      0      |      0      |        4        |      20       |       0       |       0       |        2        |       5        |       0        |      102       |        0        |        0        |      0      |      0      |    1498     |
| 14:48:17 |  0  |     415     |     292     |      0      |      0      |        3        |      21       |       0       |       0       |        2        |       4        |       0        |       98       |        0        |        0        |      0      |      0      |    1428     |
| 14:48:18 |  0  |     737     |     602     |      0      |      0      |        4        |      43       |       0       |       0       |        4        |       1        |       0        |       91       |        0        |        0        |      0      |      0      |    1288     |
| 14:48:19 |  0  |     565     |     413     |      0      |      0      |        1        |      30       |       0       |       0       |        0        |       8        |       0        |      114       |        0        |        0        |      0      |      0      |    1708     |
| 14:48:20 |  0  |     489     |     366     |      0      |      0      |        2        |      27       |       0       |       0       |        1        |       7        |       0        |       89       |        0        |        0        |      0      |      0      |    1344     |
| 14:48:21 |  0  |     525     |     378     |      0      |      0      |        2        |      27       |       0       |       0       |        2        |       5        |       0        |      115       |        0        |        0        |      0      |      0      |    1680     |
[1m|   TIME   | ID  |  RX_TOTAL   | RX_ON_TIME  |  RX_EARLY   |   RX_LATE   |   RX_SEQ_ERR    | RX_ON_TIME_C  |  RX_EARLY_C   |   RX_LATE_C   |  RX_SEQ_ERR_C   | RX_ON_TIME_C_U |  RX_EARLY_C_U  |  RX_LATE_C_U   | RX_SEQ_ERR_C_U  | RX_SEQ_ERR_PRACH | RX_CORRUPT  | RX_ERR_DROP |  TX_TOTAL   |
[0m| 14:48:22 |  0  |     180     |     84      |      0      |      0      |        0        |       6       |       0       |       0       |        0        |       3        |       0        |       87       |        0        |        0        |      0      |      0      |    1260     |
| 14:48:23 |  0  |     471     |     321     |      0      |      1      |        3        |      23       |       0       |       0       |        3        |       6        |       0        |      120       |        0        |        0        |      0      |      0      |    1764     |
| 14:48:24 |  0  |     307     |     182     |      0      |      0      |        2        |      13       |       0       |       0       |        0        |       2        |       0        |      110       |        0        |        0        |      0      |      0      |    1568     |
| 14:48:25 |  0  |     642     |     498     |      0      |      0      |        4        |      36       |       0       |       0       |        3        |       0        |       0        |      108       |        0        |        0        |      0      |      0      |    1512     |
| 14:48:26 |  0  |     282     |     182     |      0      |      0      |        2        |      13       |       0       |       0       |        2        |       0        |       0        |       87       |        0        |        0        |      0      |      0      |    1218     |
| 14:48:27 |  0  |     456     |     336     |      0      |      0      |        0        |      24       |       0       |       0       |        0        |       0        |       0        |       96       |        0        |        0        |      0      |      0      |    1344     |
| 14:48:28 |  0  |     395     |     275     |      0      |      0      |        1        |      20       |       0       |       0       |        0        |       3        |       0        |       97       |        0        |        0        |      0      |      0      |    1400     |
| 14:48:29 |  0  |     897     |     736     |      0      |      0      |        6        |      51       |       0       |       0       |        6        |       6        |       0        |      104       |        0        |        0        |      0      |      0      |    1540     |
| 14:48:30 |  0  |     450     |     336     |      0      |      0      |        0        |      24       |       0       |       0       |        0        |       3        |       0        |       87       |        0        |        0        |      0      |      0      |    1260     |
| 14:48:31 |  0  |     634     |     492     |      0      |      0      |        5        |      36       |       0       |       0       |        3        |       7        |       0        |       99       |        0        |        0        |      0      |      0      |    1484     |
| 14:48:32 |  0  |     518     |     378     |      0      |      0      |        1        |      27       |       0       |       0       |        1        |       8        |       0        |      105       |        0        |        0        |      0      |      0      |    1582     |
| 14:48:33 |  0  |     529     |     401     |      0      |      0      |        8        |      28       |       0       |       0       |        3        |       3        |       0        |       97       |        0        |        0        |      0      |      0      |    1400     |
| 14:48:34 |  0  |     322     |     196     |      0      |      0      |        0        |      15       |       0       |       0       |        0        |       4        |       0        |      107       |        0        |        0        |      0      |      0      |    1554     |
| 14:48:35 |  0  |     653     |     518     |      0      |      0      |        1        |      36       |       0       |       0       |        1        |       4        |       0        |       95       |        0        |        0        |      0      |      0      |    1386     |
| 14:48:36 |  0  |     542     |     420     |      0      |      0      |        3        |      30       |       0       |       0       |        3        |       2        |       0        |       90       |        0        |        0        |      0      |      0      |    1274     |
| 14:48:37 |  0  |     667     |     535     |      0      |      0      |        7        |      40       |       0       |       0       |        1        |       2        |       0        |       90       |        0        |        0        |      0      |      0      |    1302     |
| 14:48:38 |  0  |     378     |     268     |      0      |      0      |        3        |      20       |       0       |       0       |        2        |       4        |       0        |       86       |        0        |        0        |      0      |      0      |    1260     |
| 14:48:39 |  0  |     263     |     160     |      0      |      0      |        4        |      11       |       0       |       0       |        4        |       3        |       0        |       89       |        0        |        0        |      0      |      0      |    1288     |
| 14:48:40 |  0  |     359     |     238     |      0      |      0      |        0        |      17       |       0       |       0       |        0        |       3        |       0        |      101       |        0        |        0        |      0      |      0      |    1456     |
| 14:48:41 |  0  |     788     |     644     |      0      |      0      |        4        |      47       |       0       |       0       |        3        |       2        |       0        |       95       |        0        |        0        |      0      |      0      |    1358     |
[1m|   TIME   | ID  |  RX_TOTAL   | RX_ON_TIME  |  RX_EARLY   |   RX_LATE   |   RX_SEQ_ERR    | RX_ON_TIME_C  |  RX_EARLY_C   |   RX_LATE_C   |  RX_SEQ_ERR_C   | RX_ON_TIME_C_U |  RX_EARLY_C_U  |  RX_LATE_C_U   | RX_SEQ_ERR_C_U  | RX_SEQ_ERR_PRACH | RX_CORRUPT  | RX_ERR_DROP |  TX_TOTAL   |
[0m| 14:48:42 |  0  |     375     |     252     |      0      |      0      |        1        |      18       |       0       |       0       |        1        |       6        |       0        |       99       |        0        |        0        |      0      |      0      |    1470     |
| 14:48:43 |  0  |     303     |     168     |      0      |      0      |        0        |      12       |       0       |       0       |        0        |       4        |       0        |      119       |        0        |        0        |      0      |      0      |    1722     |
| 14:48:44 |  0  |     248     |     133     |      0      |      0      |        2        |      10       |       0       |       0       |        2        |       2        |       0        |      103       |        0        |        0        |      0      |      0      |    1470     |
| 14:48:45 |  0  |     160     |     54      |      0      |      0      |        1        |       4       |       0       |       0       |        0        |       4        |       0        |       98       |        0        |        0        |      0      |      0      |    1428     |
| 14:48:46 |  0  |     324     |     210     |      0      |      0      |        1        |      15       |       0       |       0       |        1        |       0        |       0        |       99       |        0        |        0        |      0      |      0      |    1386     |
| 14:48:47 |  0  |     220     |     112     |      0      |      0      |        0        |       8       |       0       |       0       |        0        |       4        |       0        |       96       |        0        |        0        |      0      |      0      |    1400     |
| 14:48:48 |  0  |     387     |     280     |      0      |      0      |        0        |      20       |       0       |       0       |        0        |       2        |       0        |       85       |        0        |        0        |      0      |      0      |    1218     |
| 14:48:49 |  0  |     687     |     548     |      0      |      0      |        2        |      40       |       0       |       0       |        1        |       2        |       0        |       97       |        0        |        0        |      0      |      0      |    1386     |
| 14:48:50 |  0  |     445     |     325     |      0      |      0      |        4        |      24       |       0       |       0       |        2        |       5        |       0        |       91       |        0        |        0        |      0      |      0      |    1344     |
| 14:48:51 |  0  |     556     |     416     |      0      |      0      |        4        |      29       |       0       |       0       |        3        |       2        |       0        |      109       |        0        |        0        |      0      |      0      |    1554     |
| 14:48:52 |  0  |     485     |     356     |      0      |      0      |        6        |      26       |       0       |       0       |        3        |       3        |       0        |      100       |        0        |        0        |      0      |      0      |    1442     |
| 14:48:53 |  0  |     169     |     70      |      0      |      0      |        1        |       5       |       0       |       0       |        1        |       2        |       0        |       92       |        0        |        0        |      0      |      0      |    1316     |
| 14:48:54 |  0  |     549     |     420     |      0      |      0      |        2        |      30       |       0       |       0       |        2        |       3        |       0        |       96       |        0        |        0        |      0      |      0      |    1386     |
| 14:48:55 |  0  |     543     |     401     |      0      |      1      |        3        |      29       |       0       |       0       |        2        |       0        |       0        |      112       |        0        |        0        |      0      |      0      |    1568     |
| 14:48:56 |  0  |     196     |     92      |      0      |      0      |        1        |       6       |       0       |       0       |        1        |       5        |       0        |       93       |        0        |        0        |      0      |      0      |    1372     |
| 14:48:57 |  0  |     506     |     392     |      0      |      0      |        0        |      28       |       0       |       0       |        0        |       1        |       0        |       85       |        0        |        0        |      0      |      0      |    1204     |
| 14:48:58 |  0  |     550     |     420     |      0      |      0      |        0        |      30       |       0       |       0       |        0        |       4        |       0        |       96       |        0        |        0        |      0      |      0      |    1400     |
| 14:48:59 |  0  |     402     |     294     |      0      |      0      |        4        |      21       |       0       |       0       |        2        |       5        |       0        |       82       |        0        |        0        |      0      |      0      |    1218     |
| 14:49:00 |  0  |     507     |     364     |      0      |      0      |        4        |      26       |       0       |       0       |        4        |       4        |       0        |      113       |        0        |        0        |      0      |      0      |    1638     |
| 14:49:01 |  0  |     412     |     308     |      0      |      0      |        4        |      22       |       0       |       0       |        2        |       3        |       0        |       79       |        0        |        0        |      0      |      0      |    1148     |
[1m|   TIME   | ID  |  RX_TOTAL   | RX_ON_TIME  |  RX_EARLY   |   RX_LATE   |   RX_SEQ_ERR    | RX_ON_TIME_C  |  RX_EARLY_C   |   RX_LATE_C   |  RX_SEQ_ERR_C   | RX_ON_TIME_C_U |  RX_EARLY_C_U  |  RX_LATE_C_U   | RX_SEQ_ERR_C_U  | RX_SEQ_ERR_PRACH | RX_CORRUPT  | RX_ERR_DROP |  TX_TOTAL   |
[0m| 14:49:02 |  0  |     419     |     294     |      0      |      0      |        2        |      22       |       0       |       0       |        1        |       1        |       0        |      102       |        0        |        0        |      0      |      0      |    1442     |
| 14:49:03 |  0  |     455     |     325     |      0      |      0      |        7        |      24       |       0       |       0       |        3        |       5        |       0        |      101       |        0        |        0        |      0      |      0      |    1484     |
| 14:49:04 |  0  |     402     |     280     |      0      |      0      |        4        |      21       |       0       |       0       |        3        |       2        |       0        |       99       |        0        |        0        |      0      |      0      |    1414     |
| 14:49:05 |  0  |     621     |     471     |      0      |      0      |        4        |      34       |       0       |       0       |        1        |       3        |       0        |      113       |        0        |        0        |      0      |      0      |    1624     |
| 14:49:06 |  0  |     344     |     224     |      0      |      0      |        0        |      16       |       0       |       0       |        0        |       3        |       0        |      101       |        0        |        0        |      0      |      0      |    1456     |
| 14:49:07 |  0  |     559     |     434     |      0      |      0      |        6        |      31       |       0       |       0       |        2        |       3        |       0        |       91       |        0        |        0        |      0      |      0      |    1316     |
| 14:49:08 |  0  |     498     |     378     |      0      |      0      |        0        |      27       |       0       |       0       |        0        |       3        |       0        |       90       |        0        |        0        |      0      |      0      |    1302     |
| 14:49:09 |  0  |     212     |     98      |      0      |      0      |        0        |       7       |       0       |       0       |        0        |       3        |       0        |      104       |        0        |        0        |      0      |      0      |    1498     |
| 14:49:10 |  0  |     198     |     84      |      0      |      0      |        1        |       6       |       0       |       0       |        1        |       1        |       0        |      107       |        0        |        0        |      0      |      0      |    1512     |
| 14:49:11 |  0  |     540     |     402     |      0      |      0      |        1        |      29       |       0       |       0       |        0        |       2        |       0        |      107       |        0        |        0        |      0      |      0      |    1526     |
| 14:49:12 |  0  |     771     |     628     |      0      |      1      |        2        |      44       |       0       |       0       |        2        |       4        |       0        |       94       |        0        |        0        |      0      |      0      |    1372     |
| 14:49:13 |  0  |     528     |     392     |      0      |      0      |        4        |      28       |       0       |       0       |        2        |       3        |       0        |      105       |        0        |        0        |      0      |      0      |    1512     |
| 14:49:14 |  0  |     324     |     210     |      0      |      0      |        0        |      15       |       0       |       0       |        0        |       3        |       0        |       96       |        0        |        0        |      0      |      0      |    1386     |
| 14:49:15 |  0  |     199     |     102     |      0      |      0      |        1        |       8       |       0       |       0       |        0        |       0        |       0        |       89       |        0        |        0        |      0      |      0      |    1246     |
| 14:49:16 |  0  |     223     |     104     |      0      |      0      |        1        |       8       |       0       |       0       |        0        |       2        |       0        |      109       |        0        |        0        |      0      |      0      |    1554     |
| 14:49:17 |  0  |     439     |     311     |      0      |      0      |        2        |      23       |       0       |       0       |        1        |       6        |       0        |       99       |        0        |        0        |      0      |      0      |    1470     |
| 14:49:18 |  0  |     551     |     406     |      0      |      0      |        3        |      29       |       0       |       0       |        2        |       2        |       0        |      114       |        0        |        0        |      0      |      0      |    1624     |
| 14:49:19 |  0  |     205     |     98      |      0      |      0      |        0        |       7       |       0       |       0       |        0        |       0        |       0        |      100       |        0        |        0        |      0      |      0      |    1400     |
| 14:49:20 |  0  |     439     |     322     |      0      |      0      |        1        |      23       |       0       |       0       |        1        |       1        |       0        |       93       |        0        |        0        |      0      |      0      |    1316     |
| 14:49:21 |  0  |     658     |     518     |      0      |      0      |        3        |      37       |       0       |       0       |        1        |       3        |       0        |      100       |        0        |        0        |      0      |      0      |    1442     |
[1m|   TIME   | ID  |  RX_TOTAL   | RX_ON_TIME  |  RX_EARLY   |   RX_LATE   |   RX_SEQ_ERR    | RX_ON_TIME_C  |  RX_EARLY_C   |   RX_LATE_C   |  RX_SEQ_ERR_C   | RX_ON_TIME_C_U |  RX_EARLY_C_U  |  RX_LATE_C_U   | RX_SEQ_ERR_C_U  | RX_SEQ_ERR_PRACH | RX_CORRUPT  | RX_ERR_DROP |  TX_TOTAL   |
[0m| 14:49:22 |  0  |     353     |     252     |      0      |      0      |        4        |      18       |       0       |       0       |        4        |       1        |       0        |       82       |        0        |        0        |      0      |      0      |    1162     |
| 14:49:23 |  0  |     623     |     476     |      0      |      0      |        3        |      34       |       0       |       0       |        1        |       6        |       0        |      107       |        0        |        0        |      0      |      0      |    1582     |
| 14:49:24 |  0  |     590     |     471     |      0      |      0      |        2        |      33       |       0       |       0       |        1        |       4        |       0        |       82       |        0        |        0        |      0      |      0      |    1204     |
| 14:49:25 |  0  |     290     |     168     |      0      |      0      |        1        |      12       |       0       |       0       |        1        |       0        |       0        |      110       |        0        |        0        |      0      |      0      |    1540     |
| 14:49:26 |  0  |     258     |     140     |      0      |      0      |        0        |      10       |       0       |       0       |        0        |       3        |       0        |      105       |        0        |        0        |      0      |      0      |    1512     |
| 14:49:27 |  0  |     410     |     280     |      0      |      0      |        0        |      20       |       0       |       0       |        0        |       3        |       0        |      107       |        0        |        0        |      0      |      0      |    1540     |
| 14:49:28 |  0  |     235     |     126     |      0      |      0      |        1        |       9       |       0       |       0       |        1        |       2        |       0        |       98       |        0        |        0        |      0      |      0      |    1400     |
| 14:49:29 |  0  |     264     |     154     |      0      |      0      |        3        |      12       |       0       |       0       |        2        |       1        |       0        |       97       |        0        |        0        |      0      |      0      |    1372     |
| 14:49:30 |  0  |     533     |     406     |      0      |      0      |        3        |      29       |       0       |       0       |        1        |       3        |       0        |       95       |        0        |        0        |      0      |      0      |    1372     |
| 14:49:31 |  0  |     305     |     196     |      0      |      0      |        0        |      14       |       0       |       0       |        0        |       2        |       0        |       93       |        0        |        0        |      0      |      0      |    1330     |
| 14:49:32 |  0  |     542     |     406     |      0      |      0      |        6        |      30       |       0       |       0       |        4        |       1        |       0        |      105       |        0        |        0        |      0      |      0      |    1484     |
| 14:49:33 |  0  |     180     |     84      |      0      |      0      |        0        |       6       |       0       |       0       |        0        |       1        |       0        |       89       |        0        |        0        |      0      |      0      |    1260     |
| 14:49:34 |  0  |     861     |     699     |      0      |      1      |        7        |      51       |       0       |       0       |        4        |       3        |       0        |      107       |        0        |        0        |      0      |      0      |    1540     |
| 14:49:35 |  0  |     120     |     28      |      0      |      0      |        0        |       2       |       0       |       0       |        0        |       2        |       0        |       88       |        0        |        0        |      0      |      0      |    1246     |
| 14:49:36 |  0  |     595     |     458     |      0      |      0      |Running. Waiting for incoming packets...
[1m|   TIME   | ID  |  RX_TOTAL   | RX_ON_TIME  |  RX_EARLY   |   RX_LATE   |   RX_SEQ_ERR    | RX_ON_TIME_C  |  RX_EARLY_C   |   RX_LATE_C   |  RX_SEQ_ERR_C   | RX_ON_TIME_C_U |  RX_EARLY_C_U  |  RX_LATE_C_U   | RX_SEQ_ERR_C_U  | RX_SEQ_ERR_PRACH | RX_CORRUPT  | RX_ERR_DROP |  TX_TOTAL   |
[0m| 16:46:34 |  0  |      0      |      0      |      0      |      0      |        0        |       0       |       0       |       0       |        0        |       0        |       0        |       0        |        0        |        0        |      0      |      0      |      0      |
| 16:46:35 |  0  |      0      |      0      |      0      |      0      |        0        |       0       |       0       |       0       |        0        |       0        |       0        |       0        |        0        |        0        |      0      |      0      |      0      |
| 16:46:36 |  0  |      0      |      0      |      0      |      0      |        0        |       0       |       0       |       0       |        0        |       0        |       0        |       0        |        0        |        0        |      0      |      0      |      0      |
| 16:46:37 |  0  |      0      |      0      |      0      |      0      |        0        |       0       |       0       |       0       |        0        |       0        |       0        |       0        |        0        |        0        |      0      |      0      |      0      |
| 16:46:38 |  0  |      0      |      0      |      0      |      0      |        0        |       0       |       0       |       0       |        0        |       0        |       0        |       0        |        0        |        0        |      0      |      0      |      0      |
| 16:46:39 |  0  |      0      |      0      |      0      |      0      |        0        |       0       |       0       |       0       |        0        |       0        |       0        |       0        |        0        |        0        |      0      |      0      |      0      |
| 16:46:40 |  0  |      0      |      0      |      0      |      0      |        0        |       0       |       0       |       0       |        0        |       0        |       0        |       0        |        0        |        0        |      0      |      0      |      0      |
| 16:46:41 |  0  |      0      |      0      |      0      |      0      |        0        |       0       |       0       |       0       |        0        |       0        |       0        |       0        |        0        |        0        |      0      |      0      |      0      |
| 16:46:42 |  0  |      0      |      0      |      0      |      0      |        0        |       0       |       0       |       0       |        0        |       0        |       0        |       0        |        0        |        0        |      0      |      0      |      0      |
| 16:46:43 |  0  |      0      |      0      |      0      |      0      |        0        |       0       |       0       |       0       |        0        |       0        |       0        |       0        |        0        |        0        |      0      |      0      |      0      |
| 16:46:44 |  0  |      0      |      0      |      0      |      0      |        0        |       0       |       0       |       0       |        0        |       0        |       0        |       0        |        0        |        0        |      0      |      0      |      0      |
| 16:46:45 |  0  |      0      |      0      |      0      |      0      |        0        |       0       |       0       |       0       |        0        |       0        |       0        |       0        |        0        |        0        |      0      |      0      |      0      |
| 16:46:46 |  0  |      0      |      0      |      0      |      0      |        0        |       0       |       0       |       0       |        0        |       0        |       0        |       0        |        0        |        0        |      0      |      0      |      0      |
| 16:46:47 |  0  |      0      |      0      |      0      |      0      |        0        |       0       |       0       |       0       |        0        |       0        |       0        |       0        |        0        |        0        |      0      |      0      |      0      |
| 16:46:48 |  0  |      0      |      0      |      0      |      0      |        0        |       0       |       0       |       0       |        0        |       0        |       0        |       0        |        0        |        0        |      0      |      0      |      0      |
| 16:46:49 |  0  |      0      |      0      |      0      |      0      |        0        |       0       |       0       |       0       |        0        |       0        |       0        |       0        |        0        |        0        |      0      |      0      |      0      |
| 16:46:50 |  0  |      0      |      0      |      0      |      0      |        0        |       0       |       0       |       0       |        0        |       0        |       0        |       0        |        0        |        0        |      0      |      0      |      0      |
| 16:46:51 |  0  |      0      |      0      |      0      |      0      |        0        |       0       |       0       |       0       |        0        |       0        |       0        |       0        |        0        |        0        |      0      |      0      |      0      |
| 16:46:52 |  0  |      0      |      0      |      0      |      0      |        0        |       0       |       0       |       0       |        0        |       0        |       0        |       0        |        0        |        0        |      0      |      0      |      0      |
| 16:46:53 |  0  |      0      |      0      |      0      |      0      |        0        |       0       |       0       |       0       |        0        |       0        |       0        |       0        |        0        |        0        |      0      |      0      |      0      |
[1m|   TIME   | ID  |  RX_TOTAL   | RX_ON_TIME  |  RX_EARLY   |   RX_LATE   |   RX_SEQ_ERR    | RX_ON_TIME_C  |  RX_EARLY_C   |   RX_LATE_C   |  RX_SEQ_ERR_C   | RX_ON_TIME_C_U |  RX_EARLY_C_U  |  RX_LATE_C_U   | RX_SEQ_ERR_C_U  | RX_SEQ_ERR_PRACH | RX_CORRUPT  | RX_ERR_DROP |  TX_TOTAL   |
[0m| 16:46:54 |  0  |      0      |      0      |      0      |      0      |        0        |       0       |       0       |       0       |        0        |       0        |       0        |       0        |        0        |        0        |      0      |      0      |      0      |
| 16:46:55 |  0  |      0      |      0      |      0      |      0      |        0        |       0       |       0       |       0       |        0        |       0        |       0        |       0        |        0        |        0        |      0      |      0      |      0      |
| 16:46:56 |  0  |      0      |      0      |      0      |      0      |        0        |       0       |       0       |       0       |        0        |       0        |       0        |       0        |        0        |        0        |      0      |      0      |      0      |
| 16:46:57 |  0  |      0      |      0      |      0      |      0      |        0        |       0       |       0       |       0       |        0        |       0        |       0        |       0        |        0        |        0        |      0      |      0      |      0      |
| 16:46:58 |  0  |      0      |      0      |      0      |      0      |        0        |       0       |       0       |       0       |        0        |       0        |       0        |       0        |        0        |        0        |      0      |      0      |      0      |
| 16:46:59 |  0  |      0      |      0      |      0      |      0      |        0        |       0       |       0       |       0       |        0        |       0        |       0        |       0        |        0        |        0        |      0      |      0      |      0      |
| 16:47:00 |  0  |      0      |      0      |      0      |      0      |        0        |       0       |       0       |       0       |        0        |       0        |       0        |       0        |        0        |        0        |      0      |      0      |      0      |
| 16:47:01 |  0  |      0      |      0      |      0      |      0      |        0        |       0       |       0       |       0       |        0        |       0        |       0        |       0        |        0        |        0        |      0      |      0      |      0      |
| 16:47:02 |  0  |      0      |      0      |      0      |      0      |        0        |       0       |       0       |       0       |        0        |       0        |       0        |       0        |        0        |        0        |      0      |      0      |      0      |
| 16:47:03 |  0  |      0      |      0      |      0      |      0      |        0        |       0       |       0       |       0       |        0        |       0        |       0        |       0        |        0        |        0        |      0      |      0      |      0      |
| 16:47:04 |  0  |      0      |      0      |      0      |      0      |        0        |       0       |       0       |       0       |        0        |       0        |       0        |       0        |        0        |        0        |      0      |      0      |      0      |
| 16:47:05 |  0  |      0      |      0      |      0      |      0      |        0        |       0       |       0       |       0       |        0        |       0        |       0        |       0        |        0        |        0        |      0      |      0      |      0      |
| 16:47:06 |  0  |      0      |      0      |      0      |      0      |        0        |       0       |       0       |       0       |        0        |       0        |       0        |       0        |        0        |        0        |      0      |      0      |      0      |
| 16:47:07 |  0  |      0      |      0      |      0      |      0      |        0        |       0       |       0       |       0       |        0        |       0        |       0        |       0        |        0        |        0        |      0      |      0      |      0      |
| 16:47:08 |  0  |      0      |      0      |      0      |      0      |        0        |       0       |       0       |       0       |        0        |       0        |       0        |       0        |        0        |        0        |      0      |      0      |      0      |
| 16:47:09 |  0  |      0      |      0      |      0      |      0      |        0        |       0       |       0       |       0       |        0        |       0        |       0        |       0        |        0        |        0        |      0      |      0      |      0      |
| 16:47:10 |  0  |      0      |      0      |      0      |      0      |        0        |       0       |       0       |       0       |        0        |       0        |       0        |       0        |        0        |        0        |      0      |      0      |      0      |
| 16:47:11 |  0  |      0      |      0      |      0      |      0      |        0        |       0       |       0       |       0       |        0        |       0        |       0        |       0        |        0        |        0        |      0      |      0      |      0      |
| 16:47:12 |  0  |      0      |      0      |      0      |      0      |        0        |       0       |       0       |       0       |        0        |       0        |       0        |       0        |        0        |        0        |      0      |      0      |      0      |
| 16:47:13 |  0  |      0      |      0      |      0      |      0      |        0        |       0       |       0       |       0       |        0        |       0        |       0        |       0        |        0        |        0        |      0      |      0      |      0      |
[1m|   TIME   | ID  |  RX_TOTAL   | RX_ON_TIME  |  RX_EARLY   |   RX_LATE   |   RX_SEQ_ERR    | RX_ON_TIME_C  |  RX_EARLY_C   |   RX_LATE_C   |  RX_SEQ_ERR_C   | RX_ON_TIME_C_U |  RX_EARLY_C_U  |  RX_LATE_C_U   | RX_SEQ_ERR_C_U  | RX_SEQ_ERR_PRACH | RX_CORRUPT  | RX_ERR_DROP |  TX_TOTAL   |
[0m| 16:47:14 |  0  |      0      |      0      |      0      |      0      |        0        |       0       |       0       |       0       |        0        |       0        |       0        |       0        |        0        |        0        |      0      |      0      |      0      |
| 16:47:15 |  0  |      0      |      0      |      0      |      0      |        0        |       0       |       0       |       0       |        0        |       0        |       0        |       0        |        0        |        0        |      0      |      0      |      0      |
| 16:47:16 |  0  |      0      |      0      |      0      |      0      |        0        |       0       |       0       |       0       |        0        |       0        |       0        |       0        |        0        |        0        |      0      |      0      |      0      |
| 16:47:17 |  0  |      0      |      0      |      0      |      0      |        0        |       0       |       0       |       0       |        0        |       0        |       0        |       0        |        0        |        0        |      0      |      0      |      0      |
| 16:47:18 |  0  |      0      |      0      |      0      |      0      |        0        |       0       |       0       |       0       |        0        |       0        |       0        |       0        |        0        |        0        |      0      |      0      |      0      |
| 16:47:19 |  0  |      0      |      0      |      0      |      0      |        0        |       0       |       0       |       0       |        0        |       0        |       0        |       0        |        0        |        0        |      0      |      0      |      0      |
| 16:47:20 |  0  |      0      |      0      |      0      |      0      |        0        |       0       |       0       |       0       |        0        |       0        |       0        |       0        |        0        |        0        |      0      |      0      |      0      |
| 16:47:21 |  0  |      0      |      0      |      0      |      0      |        0        |       0       |       0       |       0       |        0        |       0        |       0        |       0        |        0        |        0        |      0      |      0      |      0      |
| 16:47:22 |  0  |      0      |      0      |      0      |      0      |        0        |       0       |       0       |       0       |        0        |       0        |       0        |       0        |        0        |        0        |      0      |      0      |      0      |
| 16:47:23 |  0  |      0      |      0      |      0      |      0      |        0        |       0       |       0       |       0       |        0        |       0        |       0        |       0        |        0        |        0        |      0      |      0      |      0      |
| 16:47:24 |  0  |      0      |      0      |      0      |      0      |        0        |       0       |       0       |       0       |        0        |       0        |       0        |       0        |        0        |        0        |      0      |      0      |      0      |
| 16:47:25 |  0  |      0      |      0      |      0      |      0      |        0        |       0       |       0       |       0       |        0        |       0        |       0        |       0        |        0        |        0        |      0      |      0      |      0      |
| 16:47:26 |  0  |      0      |      0      |      0      |      0      |        0        |       0       |       0       |       0       |        0        |       0        |       0        |       0        |        0        |        0        |      0      |      0      |      0      |
| 16:47:27 |  0  |      0      |      0      |      0      |      0      |        0        |       0       |       0       |       0       |        0        |       0        |       0        |       0        |        0        |        0        |      0      |      0      |      0      |
| 16:47:28 |  0  |      0      |      0      |      0      |      0      |        0        |       0       |       0       |       0       |        0        |       0        |       0        |       0        |        0        |        0        |      0      |      0      |      0      |
| 16:47:29 |  0  |      0      |      0      |      0      |      0      |        0        |       0       |       0       |       0       |        0        |       0        |       0        |       0        |        0        |        0        |      0      |      0      |      0      |
| 16:47:30 |  0  |      0      |      0      |      0      |      0      |        0        |       0       |       0       |       0       |        0        |       0        |       0        |       0        |        0        |        0        |      0      |      0      |      0      |
| 16:47:31 |  0  |      0      |      0      |      0      |      0      |        0        |       0       |       0       |       0       |        0        |       0        |       0        |       0        |        0        |        0        |      0      |      0      |      0      |
| 16:47:32 |  0  |      0      |      0      |      0      |      0      |        0        |       0       |       0       |       0       |        0        |       0        |       0        |       0        |        0        |        0        |      0      |      0      |      0      |
| 16:47:33 |  0  |      0      |      0      |      0      |      0      |        0        |       0       |       0       |       0       |        0        |       0        |       0        |       0        |        0        |        0        |      0      |      0      |      0      |
[1m|   TIME   | ID  |  RX_TOTAL   | RX_ON_TIME  |  RX_EARLY   |   RX_LATE   |   RX_SEQ_ERR    | RX_ON_TIME_C  |  RX_EARLY_C   |   RX_LATE_C   |  RX_SEQ_ERR_C   | RX_ON_TIME_C_U |  RX_EARLY_C_U  |  RX_LATE_C_U   | RX_SEQ_ERR_C_U  | RX_SEQ_ERR_PRACH | RX_CORRUPT  | RX_ERR_DROP |  TX_TOTAL   |
[0m| 16:47:34 |  0  |      0      |      0      |      0      |      0      |        0        |       0       |       0       |       0       |        0        |       0        |       0        |       0        |        0        |        0        |      0      |      0      |      0      |
| 16:47:35 |  0  |      0      |      0      |      0      |      0      |        0        |       0       |       0       |       0       |        0        |       0        |       0        |       0        |        0        |        0        |      0      |      0      |      0      |
| 16:47:36 |  0  |      0      |      0      |      0      |      0      |        0        |       0       |       0       |       0       |        0        |       0        |       0        |       0        |        0        |        0        |      0      |      0      |      0      |
| 16:47:37 |  0  |      0      |      0      |      0      |      0      |        0        |       0       |       0       |       0       |        0        |       0        |       0        |       0        |        0        |        0        |      0      |      0      |      0      |
| 16:47:38 |  0  |      0      |      0      |      0      |      0      |        0        |       0       |       0       |       0       |        0        |       0        |       0        |       0        |        0        |        0        |      0      |      0      |      0      |
| 16:47:39 |  0  |      0      |      0      |      0      |      0      |        0        |       0       |       0       |       0       |        0        |       0        |       0        |       0        |        0        |        0        |      0      |      0      |      0      |
| 16:47:40 |  0  |      0      |      0      |      0      |      0      |        0        |       0       |       0       |       0       |        0        |       0        |       0        |       0        |        0        |        0        |      0      |      0      |      0      |
| 16:47:41 |  0  |      0      |      0      |      0      |      0      |        0        |       0       |       0       |       0       |        0        |       0        |       0        |       0        |        0        |        0        |      0      |      0      |      0      |
| 16:47:42 |  0  |      0      |      0      |      0      |      0      |        0        |       0       |       0       |       0       |        0        |       0        |       0        |       0        |        0        |        0        |      0      |      0      |      0      |
| 16:47:43 |  0  |      0      |      0      |      0      |      0      |        0        |       0       |       0       |       0       |        0        |       0        |       0        |       0        |        0        |        0        |      0      |      0      |      0      |
| 16:47:44 |  0  |      0      |      0      |      0      |      0      |        0        |       0       |       0       |       0       |        0        |       0        |       0        |       0        |        0        |        0        |      0      |      0      |      0      |
| 16:47:45 |  0  |      0      |      0      |      0      |      0      |        0        |       0       |       0       |       0       |        0        |       0        |       0        |       0        |        0        |        0        |      0      |      0      |      0      |
| 16:47:46 |  0  |      0      |      0      |      0      |      0      |        0        |       0       |       0       |       0       |        0        |       0        |       0        |       0        |        0        |        0        |      0      |      0      |      0      |
| 16:47:47 |  0  |      0      |      0      |      0      |      0      |        0        |       0       |       0       |       0       |        0        |       0        |       0        |       0        |        0        |        0        |      0      |      0      |      0      |
| 16:47:48 |  0  |      0      |      0      |      0      |      0      |        0        |       0       |       0       |       0       |        0        |       0        |       0        |       0        |        0        |        0        |      0      |      0      |      0      |
| 16:47:49 |  0  |      0      |      0      |      0      |      0      |        0        |       0       |       0       |       0       |        0        |       0        |       0        |       0        |        0        |        0        |      0      |      0      |      0      |
| 16:47:50 |  0  |      0      |      0      |      0      |      0      |        0        |       0       |       0       |       0       |        0        |       0        |       0        |       0        |        0        |        0        |      0      |      0      |      0      |
| 16:47:51 |  0  |      0      |      0      |      0      |      0      |        0        |       0       |       0       |       0       |        0        |       0        |       0        |       0        |        0        |        0        |      0      |      0      |      0      |
| 16:47:52 |  0  |      0      |      0      |      0      |      0      |        0        |       0       |       0       |       0       |        0        |       0        |       0        |       0        |        0        |        0        |      0      |      0      |      0      |
| 16:47:53 |  0  |      0      |      0      |      0      |      0      |        0        |       0       |       0       |       0       |        0        |       0        |       0        |       0        |        0        |        0        |      0      |      0      |      0      |
[1m|   TIME   | ID  |  RX_TOTAL   | RX_ON_TIME  |  RX_EARLY   |   RX_LATE   |   RX_SEQ_ERR    | RX_ON_TIME_C  |  RX_EARLY_C   |   RX_LATE_C   |  RX_SEQ_ERR_C   | RX_ON_TIME_C_U |  RX_EARLY_C_U  |  RX_LATE_C_U   | RX_SEQ_ERR_C_U  | RX_SEQ_ERR_PRACH | RX_CORRUPT  | RX_ERR_DROP |  TX_TOTAL   |
[0m| 16:47:54 |  0  |      0      |      0      |      0      |      0      |        0        |       0       |       0       |       0       |        0        |       0        |       0        |       0        |        0        |        0        |      0      |      0      |      0      |
| 16:47:55 |  0  |      0      |      0      |      0      |      0      |        0        |       0       |       0       |       0       |        0        |       0        |       0        |       0        |        0        |        0        |      0      |      0      |      0      |
| 16:47:56 |  0  |      0      |      0      |      0      |      0      |        0        |       0       |       0       |       0       |        0        |       0        |       0        |       0        |        0        |        0        |      0      |      0      |      0      |
| 16:47:57 |  0  |      0      |      0      |      0      |      0      |        0        |       0       |       0       |       0       |        0        |       0        |       0        |       0        |        0        |        0        |      0      |      0      |      0      |
| 16:47:58 |  0  |      0      |      0      |      0      |      0      |        0        |       0       |       0       |       0       |        0        |       0        |       0        |       0        |        0        |        0        |      0      |      0      |      0      |
| 16:47:59 |  0  |      0      |      0      |      0      |      0      |        0        |       0       |       0       |       0       |        0        |       0        |       0        |       0        |        0        |        0        |      0      |      0      |      0      |
| 16:48:00 |  0  |      0      |      0      |      0      |      0      |        0        |       0       |       0       |       0       |        0        |       0        |       0        |       0        |        0        |        0        |      0      |      0      |      0      |
| 16:48:01 |  0  |      0      |      0      |      0      |      0      |        0        |       0       |       0       |       0       |        0        |       0        |       0        |       0        |        0        |        0        |      0      |      0      |      0      |
| 16:48:02 |  0  |      0      |      0      |      0      |      0      |        0        |       0       |       0       |       0       |        0        |       0        |       0        |       0        |        0        |        0        |      0      |      0      |      0      |
| 16:48:03 |  0  |      0      |      0      |      0      |      0      |        0        |       0       |       0       |       0       |        0        |       0        |       0        |       0        |        0        |        0        |      0      |      0      |      0      |
| 16:48:04 |  0  |      0      |      0      |      0      |      0      |        0        |       0       |       0       |       0       |        0        |       0        |       0        |       0        |        0        |        0        |      0      |      0      |      0      |
| 16:48:05 |  0  |      0      |      0      |      0      |      0      |        0        |       0       |       0       |       0       |        0        |       0        |       0        |       0        |        0        |        0        |      0      |      0      |      0      |
| 16:48:06 |  0  |      0      |      0      |      0      |      0      |        0        |       0       |       0       |       0       |        0        |       0        |       0        |       0        |        0        |        0        |      0      |      0      |      0      |
| 16:48:08 |  0  |      0      |      0      |      0      |      0      |        0        |       0       |       0       |       0       |        0        |       0        |       0        |       0        |        0        |        0        |      0      |      0      |      0      |
| 16:48:09 |  0  |      0      |      0      |      0      |      0      |